---
---
atom works! value of L is foo bar
---
atom works! value of L is foo bar
