[]
[]
add 1
[]
[]
add 2
[]
[]
[]
add 3
[]
[]
cnt=5009-718-20000
