exec> ;
tick 0
in async, emitting T
[]
exec> ;
tick 1
[ 'O(1)' ]
exec> ;
tick 2
[]
