S1a
S2a
S2b
S1a
S2a
S2b
S1a
S2a
S2b
S1a
S2a
S2b
S1a
S2a
