[]
ploup!
[]
--
[ 'I' ]
[]
[]
[]
--
ploup!
[ 'O' ]
ploup!
[]
ploup!
[]
ploup!
[]
--
[ 'I' ]
[]
