Y emitted
Y emitted
Y emitted
Y emitted
Y emitted
Y emitted
Z emitted
