plop
[]
plop
[]
[ 'toggle' ]
[]
[]
plop
[ 'toggle' ]
plop
[]
plop
[]
