Warning: Potential causality cycle
causality error
