Warning: Potential causality cycle
dans atom
causality error
