presentemit> ;
!!!!!!!!!!!!!!!!!!!!!!!!!!!!!!!!!!!!!!!!!!!!!!!!!!!!!!!!!
!!! Module___I_pre_reg undefined
    Module___I undefined
!!! Module___I undefined
    If___and_then___0 undefined
!!! Module___O_pre_reg undefined
    Module___O undefined
!!! Module___O undefined
    If___k undefined
!!! If___and_then___0 undefined
    If___testexpr___0 undefined
!!! If___and_else___0 undefined
    If___testexpr___0 undefined
!!! If___testexpr___0 undefined
    Module___O undefined
!!! If___testexpr___1 undefined
    Module___O undefined
!!! If___k undefined
    If___and_then___0 undefined
    If___and_else___0 undefined
!!! Pause___reg undefined
    Pause___or_to_reg undefined
!!! Pause___or_to_reg undefined
    Pause___and___0 undefined
!!! Pause___and___0 undefined
    If___k undefined
!!! Module___global_k1 undefined
    If___k undefined
!!!!!!!!!!!!!!!!!!!!!!!!!!!!!!!!!!!!!!!!!!!!!!!!!!!!!!!!!
*** CAUSALITY ERROR
*** missing 10 nets
presentemit> ;
presentemit> ;
presentemit> ;
