Warning: Potential causality cycle
P19> ;
--- Output: O(123)
P19> ;
--- Output: O(2)
P19> ;
--- Output: O(2)
P19> ;
--- Output: O(2)
