Warning: Potential causality cycle
Instantaneous loop.
